// Jest Snapshot v1, https://goo.gl/fbAQLP

exports[`Snapshot: 이용 약관 동의가 표시되어 있다 1`] = `
<div>
  <fieldset>
    <legend>
      이용 약관 동의
    </legend>
    <label>
      <input
        type="checkbox"
      />
      서비스 
      <a
        href="/terms"
      >
        이용 약관
      </a>
      을 확인했으며 이에 동의합니다
    </label>
  </fieldset>
</div>
`;
