// Jest Snapshot v1, https://goo.gl/fbAQLP

exports[`Snapshot: 등록 폼이 표시된다 1`] = `
<div>
  <div>
    <form>
      <h2>
        배송지 정보 입력
      </h2>
      <fieldset>
        <legend>
          연락처
        </legend>
        <div>
          <label>
            전화번호
            <input
              name="phoneNumber"
              type="text"
            />
          </label>
        </div>
        <div>
          <label>
            이름
            <input
              name="name"
              type="text"
            />
          </label>
        </div>
      </fieldset>
      <fieldset>
        <legend>
          배송지
        </legend>
        <div>
          <label>
            우편번호
            <input
              name="postalCode"
              placeholder="16397"
              type="text"
            />
          </label>
        </div>
        <div>
          <label>
            시/도
            <input
              name="prefectures"
              placeholder="경기도"
              type="text"
            />
          </label>
        </div>
        <div>
          <label>
            시/군/구
            <input
              name="municipalities"
              placeholder="수원시 권선구"
              type="text"
            />
          </label>
        </div>
        <div>
          <label>
            도로명
            <input
              name="streetNumber"
              placeholder="매곡로 67"
              type="text"
            />
          </label>
        </div>
      </fieldset>
      <hr />
      <div>
        <button>
          주문내용 확인
        </button>
      </div>
    </form>
  </div>
</div>
`;
